<html>
<body>
<pre>
<h1>礦ision Build Log</h1>
<h2>Project:</h2>
I:\SVN\NRF51822\branches\All_Function_Project\All_Function_Project\Board\pca10001\s110\ble_app_xcase\arm\ble_app_hrs.uvproj
Project File Date:  08/25/2015

<h2>Output:</h2>
Build target 'nrf51822_xxaa_s110 (256K)'
assembling arm_startup_nrf51.s...
compiling system_nrf51.c...
compiling main.c...
..\main.c(342): warning:  #223-D: function "DrawBand" declared implicitly
..\main.c:           DrawBand( sensor_state);
..\main.c:           ^
..\main.c(639): warning:  #177-D: variable "button" was declared but never referenced
..\main.c:       static app_button_cfg_t button[] =
..\main.c:                               ^
..\main.c: ..\main.c: 2 warnings, 0 errors
compiling battery.c...
compiling led.c...
compiling screen.c...
..\screen.c(274): warning:  #1-D: last line of file ends without a newline
..\screen.c:   }
..\screen.c:    ^
..\screen.c: ..\screen.c: 1 warning, 0 errors
compiling flash.c...
..\flash.c(354): warning:  #177-D: variable "valueTemp" was declared but never referenced
..\flash.c:       uint16_t valueTemp = 0;
..\flash.c:                ^
..\flash.c(514): warning:  #223-D: function "DispPicFromSD" declared implicitly
..\flash.c:     DispPicFromSD(0);
..\flash.c:     ^
..\flash.c(103): warning:  #177-D: function "SpiFlash_ReadSR" was declared but never referenced
..\flash.c:   static uint8_t SpiFlash_ReadSR(void)
..\flash.c:                  ^
..\flash.c: ..\flash.c: 3 warnings, 0 errors
compiling nrf_delay.c...
compiling nrf_pwm.c...
compiling draw_picture.c...
..\draw_picture.h(15): warning:  #47-D: incompatible redefinition of macro "PIC_WIDTH" (declared at line 43 of "..\screen.h")
..\draw_picture.h:   #define PIC_WIDTH    160    //预备向LCD显示区域填充的图片的大小
..\draw_picture.h:           ^
..\draw_picture.h(16): warning:  #47-D: incompatible redefinition of macro "PIC_HEIGHT" (declared at line 44 of "..\screen.h")
..\draw_picture.h:   #define PIC_HEIGHT   160
..\draw_picture.h:           ^
..\draw_picture.c(107): warning:  #223-D: function "SpiFlash_Read_Data" declared implicitly
..\draw_picture.c:              SpiFlash_Read_Data(buffer, PicNum , Address_S , 256);
..\draw_picture.c:              ^
..\draw_picture.c: ..\draw_picture.c: 3 warnings, 0 errors
compiling ble_dis.c...
compiling ble_bas.c...
compiling ble_hrs.c...
compiling ble_conn_params.c...
compiling ble_advdata.c...
compiling ble_srv_common.c...
compiling app_timer.c...
compiling softdevice_handler.c...
compiling ble_bondmngr.c...
compiling pstorage.c...
compiling crc16.c...
compiling app_button.c...
compiling app_gpiote.c...
compiling ble_error_log.c...
compiling ble_debug_assert_handler.c...
compiling pic.c...
linking...
Program Size: Code=26376 RO-data=123132 RW-data=364 ZI-data=7396  
FromELF: creating hex file...
".\_build\ble_app_hrs.axf" - 0 Error(s), 9 Warning(s).
Clean started: Project: 'ble_app_hrs'
   deleting intermediate output files for target 'nrf51822_xxaa_s110 (256K)'
   deleting intermediate output files for target 'nrf51822_xxab_s110 (128K)'
