<html>
<body>
<pre>
<h1>µVision Build Log</h1>
<h2>Project:</h2>
D:\xcase\project_bck\project_LCD\Board\pca10001\s110\ble_app_xcase\arm\ble_app_hrs.uvproj
Project File Date:  08/15/2015

<h2>Output:</h2>
Rebuild target 'nrf51822_xxaa_s110 (256K)'
assembling arm_startup_nrf51.s...
compiling system_nrf51.c...
compiling main.c...
..\main.c(640): warning:  #177-D: variable "button" was declared but never referenced
                static app_button_cfg_t button[] =
..\main.c: 1 warning, 0 errors
compiling battery.c...
compiling led.c...
compiling screen.c...
..\screen.c(75): warning:  #174-D: expression has no effect
          LCD_BCKLIGHT_Enable_POWER;
..\screen.c: 1 warning, 0 errors
compiling flash.c...
..\flash.c(357): warning:  #177-D: variable "valueTemp" was declared but never referenced
    uint16_t valueTemp = 0;
..\flash.c(101): warning:  #177-D: function "SpiFlash_ReadSR" was declared but never referenced
  static uint8_t SpiFlash_ReadSR(void)
..\flash.c: 2 warnings, 0 errors
compiling nrf_delay.c...
compiling font.c...
compiling ble_dis.c...
compiling ble_bas.c...
compiling ble_hrs.c...
compiling ble_conn_params.c...
compiling ble_advdata.c...
compiling ble_srv_common.c...
compiling app_timer.c...
compiling softdevice_handler.c...
compiling ble_bondmngr.c...
compiling pstorage.c...
compiling crc16.c...
compiling app_button.c...
compiling app_gpiote.c...
compiling ble_error_log.c...
compiling ble_debug_assert_handler.c...
linking...
Program Size: Code=24428 RO-data=236 RW-data=356 ZI-data=6860  
FromELF: creating hex file...
".\_build\ble_app_hrs.axf" - 0 Error(s), 4 Warning(s).
</pre>
</body>
</html>
  #177-D: function "buttons_init" was declared but never referenced
  static void buttons_init(void)
..\main.c(678): warning:  #177-D: function "advertising_start" was declared but never referenced
  static void advertising_start(void)
..\main.c(817): warning:  #177-D: function "idle_pin_config" was declared but never referenced
  static void idle_pin_config(void)
..\main.c: 13 warnings, 0 errors
compiling battery.c...
compiling led.c...
compiling screen.c...
..\screen.c(75): warning:  #174-D: expression has no effect
          LCD_BCKLIGHT_Enable_POWER;
..\screen.c: 1 warning, 0 errors
compiling flash.c...
..\flash.c(357): warning:  #177-D: variable "valueTemp" was declared but never referenced
    uint16_t valueTemp = 0;
..\flash.c(101): warning:  #177-D: function "SpiFlash_ReadSR" was declared but never referenced
  static uint8_t SpiFlash_ReadSR(void)
..\flash.c: 2 warnings, 0 errors
compiling nrf_delay.c...
compiling font.c...
compiling ble_dis.c...
compiling ble_bas.c...
compiling ble_hrs.c...
compiling ble_conn_params.c...
compiling ble_advdata.c...
compiling ble_srv_common.c...
compiling app_timer.c...
compiling softdevice_handler.c...
compiling ble_bondmngr.c...
compiling pstorage.c...
compiling crc16.c...
compiling app_button.c...
compiling app_gpiote.c...
compiling ble_error_log.c...
compiling ble_debug_assert_handler.c...
linking...
Program Size: Code=21860 RO-data=236 RW-data=340 ZI-data=6844  
FromELF: creating hex file...
".\_build\ble_app_hrs.axf" - 0 Error(s), 16 Warning(s).
