ARM Linker, 4.1 [Build 481] [Standard]

==============================================================================

Section Cross References

    main.o(i.drawDIS) refers to nrf_lcd.o(i.DrawLine) for DrawLine
    main.o(i.drawDIS) refers to main.o(.bss) for myDis
    main.o(i.main) refers to nrf_lcd.o(i.GPIO_Init) for GPIO_Init
    main.o(i.main) refers to nrf_lcd.o(i.LCD_Init) for LCD_Init
    main.o(i.main) refers to nrf_lcd.o(i.DispColor) for DispColor
    main.o(i.main) refers to nrf_lcd.o(i.DispInt) for DispInt
    main.o(i.main) refers to nrf_lcd.o(i.DispStr) for DispStr
    main.o(i.main) refers to main.o(i.drawDIS) for drawDIS
    main.o(i.main) refers to nrf_delay.o(i.nrf_delay_ms) for nrf_delay_ms
    main.o(i.main) refers to main.o(.bss) for myDis
    system_nrf51.o(i.SystemCoreClockUpdate) refers to system_nrf51.o(.data) for SystemCoreClock
    arm_startup_nrf51.o(RESET) refers to arm_startup_nrf51.o(STACK) for __initial_sp
    arm_startup_nrf51.o(RESET) refers to arm_startup_nrf51.o(.text) for Reset_Handler
    arm_startup_nrf51.o(.text) refers to system_nrf51.o(i.SystemInit) for SystemInit
    arm_startup_nrf51.o(.text) refers to entry.o(.ARM.Collect$$$$00000000) for __main
    nrf_delay.o(i.nrf_delay_ms) refers to nrf_delay.o(.emb_text) for __asm___11_nrf_delay_c_532987f3__nrf_delay_us
    nrf_lcd.o(i.BlockWrite) refers to nrf_lcd.o(i.WriteComm) for WriteComm
    nrf_lcd.o(i.BlockWrite) refers to nrf_lcd.o(i.WriteData) for WriteData
    nrf_lcd.o(i.DispColor) refers to nrf_lcd.o(i.BlockWrite) for BlockWrite
    nrf_lcd.o(i.DispColor) refers to nrf_lcd.o(i.nrf_gpio_pin_clear) for nrf_gpio_pin_clear
    nrf_lcd.o(i.DispColor) refers to nrf_lcd.o(i.nrf_gpio_pin_set) for nrf_gpio_pin_set
    nrf_lcd.o(i.DispColor) refers to nrf_lcd.o(i.SendDataSPI) for SendDataSPI
    nrf_lcd.o(i.DispInt) refers to nrf_lcd.o(i.DispOneChar) for DispOneChar
    nrf_lcd.o(i.DispInt) refers to nrf_lcd.o(i.BlockWrite) for BlockWrite
    nrf_lcd.o(i.DispOneChar) refers to nrf_lcd.o(i.BlockWrite) for BlockWrite
    nrf_lcd.o(i.DispOneChar) refers to nrf_lcd.o(i.WriteOneDot) for WriteOneDot
    nrf_lcd.o(i.DispOneChar) refers to font.o(.data) for ascii
    nrf_lcd.o(i.DispStr) refers to nrf_lcd.o(i.ToOrd) for ToOrd
    nrf_lcd.o(i.DispStr) refers to nrf_lcd.o(i.DispOneChar) for DispOneChar
    nrf_lcd.o(i.DispStr) refers to nrf_lcd.o(i.BlockWrite) for BlockWrite
    nrf_lcd.o(i.DrawLine) refers to nrf_lcd.o(i.BlockWrite) for BlockWrite
    nrf_lcd.o(i.DrawLine) refers to nrf_lcd.o(i.WriteOneDot) for WriteOneDot
    nrf_lcd.o(i.GPIO_Init) refers to nrf_lcd.o(i.nrf_gpio_cfg_output) for nrf_gpio_cfg_output
    nrf_lcd.o(i.LCD_Init) refers to nrf_delay.o(i.nrf_delay_ms) for nrf_delay_ms
    nrf_lcd.o(i.LCD_Init) refers to nrf_lcd.o(i.nrf_gpio_pin_set) for nrf_gpio_pin_set
    nrf_lcd.o(i.LCD_Init) refers to nrf_lcd.o(i.nrf_gpio_pin_clear) for nrf_gpio_pin_clear
    nrf_lcd.o(i.LCD_Init) refers to nrf_lcd.o(i.WriteComm) for WriteComm
    nrf_lcd.o(i.LCD_Init) refers to nrf_lcd.o(i.WriteData) for WriteData
    nrf_lcd.o(i.PutPixel) refers to nrf_lcd.o(i.BlockWrite) for BlockWrite
    nrf_lcd.o(i.PutPixel) refers to nrf_lcd.o(i.nrf_gpio_pin_clear) for nrf_gpio_pin_clear
    nrf_lcd.o(i.PutPixel) refers to nrf_lcd.o(i.nrf_gpio_pin_set) for nrf_gpio_pin_set
    nrf_lcd.o(i.PutPixel) refers to nrf_lcd.o(i.SendDataSPI) for SendDataSPI
    nrf_lcd.o(i.SendDataSPI) refers to nrf_lcd.o(i.nrf_gpio_pin_set) for nrf_gpio_pin_set
    nrf_lcd.o(i.SendDataSPI) refers to nrf_lcd.o(i.nrf_gpio_pin_clear) for nrf_gpio_pin_clear
    nrf_lcd.o(i.WriteComm) refers to nrf_lcd.o(i.nrf_gpio_pin_clear) for nrf_gpio_pin_clear
    nrf_lcd.o(i.WriteComm) refers to nrf_lcd.o(i.SendDataSPI) for SendDataSPI
    nrf_lcd.o(i.WriteComm) refers to nrf_lcd.o(i.nrf_gpio_pin_set) for nrf_gpio_pin_set
    nrf_lcd.o(i.WriteData) refers to nrf_lcd.o(i.nrf_gpio_pin_clear) for nrf_gpio_pin_clear
    nrf_lcd.o(i.WriteData) refers to nrf_lcd.o(i.nrf_gpio_pin_set) for nrf_gpio_pin_set
    nrf_lcd.o(i.WriteData) refers to nrf_lcd.o(i.SendDataSPI) for SendDataSPI
    nrf_lcd.o(i.WriteDispData) refers to nrf_lcd.o(i.SendDataSPI) for SendDataSPI
    nrf_lcd.o(i.WriteOneDot) refers to nrf_lcd.o(i.nrf_gpio_pin_clear) for nrf_gpio_pin_clear
    nrf_lcd.o(i.WriteOneDot) refers to nrf_lcd.o(i.nrf_gpio_pin_set) for nrf_gpio_pin_set
    nrf_lcd.o(i.WriteOneDot) refers to nrf_lcd.o(i.SendDataSPI) for SendDataSPI
    entry.o(.ARM.Collect$$$$00000000) refers (Special) to entry7.o(.ARM.Collect$$$$00000007) for _main_init
    entry.o(.ARM.Collect$$$$00000000) refers (Special) to entry5.o(.ARM.Collect$$$$00000004) for _main_scatterload
    entry.o(.ARM.Collect$$$$00000000) refers (Special) to entry2.o(.ARM.Collect$$$$00000001) for _main_stk
    entry2.o(.ARM.Collect$$$$00000001) refers to entry2.o(.ARM.Collect$$$$00002712) for __lit__00000000
    entry2.o(.ARM.Collect$$$$00002712) refers to arm_startup_nrf51.o(STACK) for __initial_sp
    entry2.o(__vectab_stack_and_reset_area) refers to arm_startup_nrf51.o(STACK) for __initial_sp
    entry2.o(__vectab_stack_and_reset_area) refers to entry.o(.ARM.Collect$$$$00000000) for __main
    entry5.o(.ARM.Collect$$$$00000004) refers to init.o(.text) for __scatterload
    entry7.o(.ARM.Collect$$$$00000007) refers to main.o(i.main) for main
    init.o(.text) refers to entry5.o(.ARM.Collect$$$$00000004) for __main_after_scatterload


==============================================================================

Removing Unused input sections from the image.

    Removing main.o(.emb_text), (30 bytes).
    Removing system_nrf51.o(i.SystemCoreClockUpdate), (16 bytes).
    Removing system_nrf51.o(.data), (4 bytes).
    Removing arm_startup_nrf51.o(HEAP), (2048 bytes).
    Removing nrf_lcd.o(.emb_text), (30 bytes).
    Removing nrf_lcd.o(i.PutPixel), (54 bytes).
    Removing nrf_lcd.o(i.WriteDispData), (20 bytes).

7 unused section(s) (total 2202 bytes) removed from the image.

==============================================================================

Image Symbol Table

    Local Symbols

    Symbol Name                              Value     Ov Type        Size  Object(Section)

    RESET                                    0x00000000   Section      192  arm_startup_nrf51.o(RESET)
    ../../../cmprslib/lz77c.c                0x00000000   Number         0  __dclz77c.o ABSOLUTE
    ../../microlib/init/entry.s              0x00000000   Number         0  entry7.o ABSOLUTE
    ../../microlib/init/entry.s              0x00000000   Number         0  entry5.o ABSOLUTE
    ../../microlib/init/entry.s              0x00000000   Number         0  entry2.o ABSOLUTE
    ../../microlib/init/entry.s              0x00000000   Number         0  entry.o ABSOLUTE
    arm_startup_nrf51.s                      0x00000000   Number         0  arm_startup_nrf51.o ABSOLUTE
    dc.s                                     0x00000000   Number         0  dc.o ABSOLUTE
    font.c                                   0x00000000   Number         0  font.o ABSOLUTE
    handlers.s                               0x00000000   Number         0  handlers.o ABSOLUTE
    init.s                                   0x00000000   Number         0  init.o ABSOLUTE
    main.c                                   0x00000000   Number         0  main.o ABSOLUTE
    main.c                                   0x00000000   Number         0  main.o ABSOLUTE
    nrf_delay.c                              0x00000000   Number         0  nrf_delay.o ABSOLUTE
    nrf_delay.c                              0x00000000   Number         0  nrf_delay.o ABSOLUTE
    nrf_lcd.c                                0x00000000   Number         0  nrf_lcd.o ABSOLUTE
    nrf_lcd.c                                0x00000000   Number         0  nrf_lcd.o ABSOLUTE
    system_nrf51.c                           0x00000000   Number         0  system_nrf51.o ABSOLUTE
    .ARM.Collect$$$$00000000                 0x000000c0   Section        0  entry.o(.ARM.Collect$$$$00000000)
    .ARM.Collect$$$$00000001                 0x000000c0   Section        4  entry2.o(.ARM.Collect$$$$00000001)
    .ARM.Collect$$$$00000004                 0x000000c4   Section        4  entry5.o(.ARM.Collect$$$$00000004)
    .ARM.Collect$$$$00000007                 0x000000c8   Section        8  entry7.o(.ARM.Collect$$$$00000007)
    .ARM.Collect$$$$00002712                 0x000000d0   Section        4  entry2.o(.ARM.Collect$$$$00002712)
    __lit__00000000                          0x000000d0   Data           4  entry2.o(.ARM.Collect$$$$00002712)
    .emb_text                                0x000000d4   Section       30  nrf_delay.o(.emb_text)
    .text                                    0x000000f4   Section       44  arm_startup_nrf51.o(.text)
    .text                                    0x00000120   Section       36  init.o(.text)
    .text                                    0x00000144   Section        0  __dclz77c.o(.text)
    i.BlockWrite                             0x000001a2   Section        0  nrf_lcd.o(i.BlockWrite)
    i.DispColor                              0x000001f0   Section        0  nrf_lcd.o(i.DispColor)
    i.DispInt                                0x00000236   Section        0  nrf_lcd.o(i.DispInt)
    i.DispOneChar                            0x000002ac   Section        0  nrf_lcd.o(i.DispOneChar)
    i.DispStr                                0x00000324   Section        0  nrf_lcd.o(i.DispStr)
    i.DrawLine                               0x00000372   Section        0  nrf_lcd.o(i.DrawLine)
    i.GPIO_Init                              0x000003b8   Section        0  nrf_lcd.o(i.GPIO_Init)
    i.LCD_Init                               0x000003da   Section        0  nrf_lcd.o(i.LCD_Init)
    i.SendDataSPI                            0x000005a6   Section        0  nrf_lcd.o(i.SendDataSPI)
    i.SystemInit                             0x000005dc   Section        0  system_nrf51.o(i.SystemInit)
    i.ToOrd                                  0x00000608   Section        0  nrf_lcd.o(i.ToOrd)
    i.WriteComm                              0x00000658   Section        0  nrf_lcd.o(i.WriteComm)
    i.WriteData                              0x00000676   Section        0  nrf_lcd.o(i.WriteData)
    i.WriteOneDot                            0x00000694   Section        0  nrf_lcd.o(i.WriteOneDot)
    i.__scatterload_copy                     0x000006ba   Section       14  handlers.o(i.__scatterload_copy)
    i.__scatterload_null                     0x000006c8   Section        2  handlers.o(i.__scatterload_null)
    i.__scatterload_zeroinit                 0x000006ca   Section       14  handlers.o(i.__scatterload_zeroinit)
    i.drawDIS                                0x000006d8   Section        0  main.o(i.drawDIS)
    i.main                                   0x000007d4   Section        0  main.o(i.main)
    i.nrf_delay_ms                           0x00000868   Section        0  nrf_delay.o(i.nrf_delay_ms)
    i.nrf_gpio_cfg_output                    0x00000880   Section        0  nrf_lcd.o(i.nrf_gpio_cfg_output)
    nrf_gpio_cfg_output                      0x00000881   Thumb Code    18  nrf_lcd.o(i.nrf_gpio_cfg_output)
    i.nrf_gpio_pin_clear                     0x00000894   Section        0  nrf_lcd.o(i.nrf_gpio_pin_clear)
    nrf_gpio_pin_clear                       0x00000895   Thumb Code    10  nrf_lcd.o(i.nrf_gpio_pin_clear)
    i.nrf_gpio_pin_set                       0x000008a4   Section        0  nrf_lcd.o(i.nrf_gpio_pin_set)
    nrf_gpio_pin_set                         0x000008a5   Thumb Code    10  nrf_lcd.o(i.nrf_gpio_pin_set)
    .data                                    0x20000000   Section     4032  font.o(.data)
    .bss                                     0x20000fc0   Section       24  main.o(.bss)
    STACK                                    0x20000fd8   Section     2048  arm_startup_nrf51.o(STACK)

    Global Symbols

    Symbol Name                              Value     Ov Type        Size  Object(Section)

    BuildAttributes$$THM_ISAv3M$S$PE$A:L22$X:L11$S22$IEEE1$IW$USESV6$~STKCKD$USESV7$~SHL$OSPACE$EBA8$MICROLIB$REQ8$PRES8$EABIv2 0x00000000   Number         0  anon$$obj.o ABSOLUTE
    __ARM_use_no_argv                        0x00000000   Number         0  main.o ABSOLUTE
    __Vectors                                0x00000000   Data           4  arm_startup_nrf51.o(RESET)
    __Vectors_End                            0x000000c0   Data           0  arm_startup_nrf51.o(RESET)
    __Vectors_Size                           0x000000c0   Number         0  arm_startup_nrf51.o ABSOLUTE
    __main                                   0x000000c1   Thumb Code     0  entry.o(.ARM.Collect$$$$00000000)
    _main_stk                                0x000000c1   Thumb Code     0  entry2.o(.ARM.Collect$$$$00000001)
    _main_scatterload                        0x000000c5   Thumb Code     0  entry5.o(.ARM.Collect$$$$00000004)
    __main_after_scatterload                 0x000000c9   Thumb Code     0  entry5.o(.ARM.Collect$$$$00000004)
    _main_init                               0x000000c9   Thumb Code     0  entry7.o(.ARM.Collect$$$$00000007)
    __asm___11_nrf_delay_c_532987f3__nrf_delay_us 0x000000d5   Thumb Code    30  nrf_delay.o(.emb_text)
    Reset_Handler                            0x000000f5   Thumb Code    18  arm_startup_nrf51.o(.text)
    NMI_Handler                              0x00000107   Thumb Code     2  arm_startup_nrf51.o(.text)
    HardFault_Handler                        0x00000109   Thumb Code     2  arm_startup_nrf51.o(.text)
    SVC_Handler                              0x0000010b   Thumb Code     2  arm_startup_nrf51.o(.text)
    PendSV_Handler                           0x0000010d   Thumb Code     2  arm_startup_nrf51.o(.text)
    SysTick_Handler                          0x0000010f   Thumb Code     2  arm_startup_nrf51.o(.text)
    ADC_IRQHandler                           0x00000111   Thumb Code     0  arm_startup_nrf51.o(.text)
    CCM_AAR_IRQHandler                       0x00000111   Thumb Code     0  arm_startup_nrf51.o(.text)
    ECB_IRQHandler                           0x00000111   Thumb Code     0  arm_startup_nrf51.o(.text)
    GPIOTE_IRQHandler                        0x00000111   Thumb Code     0  arm_startup_nrf51.o(.text)
    POWER_CLOCK_IRQHandler                   0x00000111   Thumb Code     0  arm_startup_nrf51.o(.text)
    QDEC_IRQHandler                          0x00000111   Thumb Code     0  arm_startup_nrf51.o(.text)
    RADIO_IRQHandler                         0x00000111   Thumb Code     0  arm_startup_nrf51.o(.text)
    RNG_IRQHandler                           0x00000111   Thumb Code     0  arm_startup_nrf51.o(.text)
    RTC0_IRQHandler                          0x00000111   Thumb Code     0  arm_startup_nrf51.o(.text)
    RTC1_IRQHandler                          0x00000111   Thumb Code     0  arm_startup_nrf51.o(.text)
    SPI0_TWI0_IRQHandler                     0x00000111   Thumb Code     0  arm_startup_nrf51.o(.text)
    SPI1_TWI1_IRQHandler                     0x00000111   Thumb Code     0  arm_startup_nrf51.o(.text)
    SWI0_IRQHandler                          0x00000111   Thumb Code     0  arm_startup_nrf51.o(.text)
    SWI1_IRQHandler                          0x00000111   Thumb Code     0  arm_startup_nrf51.o(.text)
    SWI2_IRQHandler                          0x00000111   Thumb Code     0  arm_startup_nrf51.o(.text)
    SWI3_IRQHandler                          0x00000111   Thumb Code     0  arm_startup_nrf51.o(.text)
    SWI4_IRQHandler                          0x00000111   Thumb Code     0  arm_startup_nrf51.o(.text)
    SWI5_IRQHandler                          0x00000111   Thumb Code     0  arm_startup_nrf51.o(.text)
    TEMP_IRQHandler                          0x00000111   Thumb Code     0  arm_startup_nrf51.o(.text)
    TIMER0_IRQHandler                        0x00000111   Thumb Code     0  arm_startup_nrf51.o(.text)
    TIMER1_IRQHandler                        0x00000111   Thumb Code     0  arm_startup_nrf51.o(.text)
    TIMER2_IRQHandler                        0x00000111   Thumb Code     0  arm_startup_nrf51.o(.text)
    UART0_IRQHandler                         0x00000111   Thumb Code     0  arm_startup_nrf51.o(.text)
    WDT_IRQHandler                           0x00000111   Thumb Code     0  arm_startup_nrf51.o(.text)
    WUCOMP_COMP_IRQHandler                   0x00000111   Thumb Code     0  arm_startup_nrf51.o(.text)
    __scatterload                            0x00000121   Thumb Code    28  init.o(.text)
    __scatterload_rt2                        0x00000121   Thumb Code     0  init.o(.text)
    __decompress                             0x00000145   Thumb Code     0  __dclz77c.o(.text)
    __decompress2                            0x00000145   Thumb Code    94  __dclz77c.o(.text)
    BlockWrite                               0x000001a3   Thumb Code    78  nrf_lcd.o(i.BlockWrite)
    DispColor                                0x000001f1   Thumb Code    70  nrf_lcd.o(i.DispColor)
    DispInt                                  0x00000237   Thumb Code   118  nrf_lcd.o(i.DispInt)
    DispOneChar                              0x000002ad   Thumb Code   116  nrf_lcd.o(i.DispOneChar)
    DispStr                                  0x00000325   Thumb Code    78  nrf_lcd.o(i.DispStr)
    DrawLine                                 0x00000373   Thumb Code    70  nrf_lcd.o(i.DrawLine)
    GPIO_Init                                0x000003b9   Thumb Code    34  nrf_lcd.o(i.GPIO_Init)
    LCD_Init                                 0x000003db   Thumb Code   460  nrf_lcd.o(i.LCD_Init)
    SendDataSPI                              0x000005a7   Thumb Code    54  nrf_lcd.o(i.SendDataSPI)
    SystemInit                               0x000005dd   Thumb Code    26  system_nrf51.o(i.SystemInit)
    ToOrd                                    0x00000609   Thumb Code    80  nrf_lcd.o(i.ToOrd)
    WriteComm                                0x00000659   Thumb Code    30  nrf_lcd.o(i.WriteComm)
    WriteData                                0x00000677   Thumb Code    30  nrf_lcd.o(i.WriteData)
    WriteOneDot                              0x00000695   Thumb Code    38  nrf_lcd.o(i.WriteOneDot)
    __scatterload_copy                       0x000006bb   Thumb Code    14  handlers.o(i.__scatterload_copy)
    __scatterload_null                       0x000006c9   Thumb Code     2  handlers.o(i.__scatterload_null)
    __scatterload_zeroinit                   0x000006cb   Thumb Code    14  handlers.o(i.__scatterload_zeroinit)
    drawDIS                                  0x000006d9   Thumb Code   246  main.o(i.drawDIS)
    main                                     0x000007d5   Thumb Code   134  main.o(i.main)
    nrf_delay_ms                             0x00000869   Thumb Code    20  nrf_delay.o(i.nrf_delay_ms)
    Region$$Table$$Base                      0x000008b4   Number         0  anon$$obj.o(Region$$Table)
    Region$$Table$$Limit                     0x000008c4   Number         0  anon$$obj.o(Region$$Table)
    ascii                                    0x20000000   Data        4032  font.o(.data)
    myDis                                    0x20000fc0   Data          24  main.o(.bss)
    __initial_sp                             0x200017d8   Data           0  arm_startup_nrf51.o(STACK)



==============================================================================

Memory Map of the image

  Image Entry point : 0x000000c1

  Load Region LR_IROM1 (Base: 0x00000000, Size: 0x00001884, Max: 0x00040000, ABSOLUTE, COMPRESSED[0x00000dc4])

    Execution Region ER_IROM1 (Base: 0x00000000, Size: 0x000008c4, Max: 0x00040000, ABSOLUTE)

    Base Addr    Size         Type   Attr      Idx    E Section Name        Object

    0x00000000   0x000000c0   Data   RO          101    RESET               arm_startup_nrf51.o
    0x000000c0   0x00000000   Code   RO          250  * .ARM.Collect$$$$00000000  mc_p.l(entry.o)(mc_p.l)
    0x000000c0   0x00000004   Code   RO          253    .ARM.Collect$$$$00000001  mc_p.l(entry2.o)(mc_p.l)
    0x000000c4   0x00000004   Code   RO          256    .ARM.Collect$$$$00000004  mc_p.l(entry5.o)(mc_p.l)
    0x000000c8   0x00000008   Code   RO          257    .ARM.Collect$$$$00000007  mc_p.l(entry7.o)(mc_p.l)
    0x000000d0   0x00000004   Code   RO          254    .ARM.Collect$$$$00002712  mc_p.l(entry2.o)(mc_p.l)
    0x000000d4   0x0000001e   Code   RO          106    .emb_text           nrf_delay.o
    0x000000f2   0x00000002   PAD
    0x000000f4   0x0000002c   Code   RO          102    .text               arm_startup_nrf51.o
    0x00000120   0x00000024   Code   RO          258    .text               mc_p.l(init.o)(mc_p.l)
    0x00000144   0x0000005e   Code   RO          268    .text               mc_p.l(__dclz77c.o)(mc_p.l)
    0x000001a2   0x0000004e   Code   RO          123    i.BlockWrite        nrf_lcd.o
    0x000001f0   0x00000046   Code   RO          124    i.DispColor         nrf_lcd.o
    0x00000236   0x00000076   Code   RO          125    i.DispInt           nrf_lcd.o
    0x000002ac   0x00000078   Code   RO          126    i.DispOneChar       nrf_lcd.o
    0x00000324   0x0000004e   Code   RO          127    i.DispStr           nrf_lcd.o
    0x00000372   0x00000046   Code   RO          128    i.DrawLine          nrf_lcd.o
    0x000003b8   0x00000022   Code   RO          129    i.GPIO_Init         nrf_lcd.o
    0x000003da   0x000001cc   Code   RO          130    i.LCD_Init          nrf_lcd.o
    0x000005a6   0x00000036   Code   RO          132    i.SendDataSPI       nrf_lcd.o
    0x000005dc   0x0000002c   Code   RO           76    i.SystemInit        system_nrf51.o
    0x00000608   0x00000050   Code   RO          133    i.ToOrd             nrf_lcd.o
    0x00000658   0x0000001e   Code   RO          134    i.WriteComm         nrf_lcd.o
    0x00000676   0x0000001e   Code   RO          135    i.WriteData         nrf_lcd.o
    0x00000694   0x00000026   Code   RO          137    i.WriteOneDot       nrf_lcd.o
    0x000006ba   0x0000000e   Code   RO          262    i.__scatterload_copy  mc_p.l(handlers.o)(mc_p.l)
    0x000006c8   0x00000002   Code   RO          263    i.__scatterload_null  mc_p.l(handlers.o)(mc_p.l)
    0x000006ca   0x0000000e   Code   RO          264    i.__scatterload_zeroinit  mc_p.l(handlers.o)(mc_p.l)
    0x000006d8   0x000000fc   Code   RO            2    i.drawDIS           main.o
    0x000007d4   0x00000094   Code   RO            3    i.main              main.o
    0x00000868   0x00000018   Code   RO          107    i.nrf_delay_ms      nrf_delay.o
    0x00000880   0x00000012   Code   RO          138    i.nrf_gpio_cfg_output  nrf_lcd.o
    0x00000892   0x00000002   PAD
    0x00000894   0x00000010   Code   RO          139    i.nrf_gpio_pin_clear  nrf_lcd.o
    0x000008a4   0x00000010   Code   RO          140    i.nrf_gpio_pin_set  nrf_lcd.o
    0x000008b4   0x00000010   Data   RO          260    Region$$Table       anon$$obj.o


    Execution Region RW_IRAM1 (Base: 0x20000000, Size: 0x000017d8, Max: 0x00004000, ABSOLUTE, UNINIT, COMPRESSED[0x00000500])

    Base Addr    Size         Type   Attr      Idx    E Section Name        Object

    0x20000000   0x00000fc0   Data   RW          241    .data               font.o
    0x20000fc0   0x00000018   Zero   RW            4    .bss                main.o
    0x20000fd8   0x00000800   Zero   RW           99    STACK               arm_startup_nrf51.o


==============================================================================

Image component sizes


      Code (inc. data)   RO Data    RW Data    ZI Data      Debug   Object Name

        44         14        192          0       2048          0   arm_startup_nrf51.o
         0          0          0       4032          0          0   font.o
       400         20          0          0         24          0   main.o
        54          4          0          0          0          0   nrf_delay.o
      1310         16          0          0          0          0   nrf_lcd.o
        44         18          0          0          0          0   system_nrf51.o

    ----------------------------------------------------------------------
      1856         72        208       4032       2072          0   Object Totals
         0          0         16          0          0          0   (incl. Generated)
         4          0          0          0          0          2   (incl. Padding)

    ----------------------------------------------------------------------

      Code (inc. data)   RO Data    RW Data    ZI Data      Debug   Library Member Name

        94          0          0          0          0          0   __dclz77c.o
         0          0          0          0          0          0   entry.o
         8          4          0          0          0          0   entry2.o
         4          0          0          0          0          0   entry5.o
         8          4          0          0          0          0   entry7.o
        30          0          0          0          0          0   handlers.o
        36          8          0          0          0          0   init.o

    ----------------------------------------------------------------------
       180         16          0          0          0          0   Library Totals
         0          0          0          0          0          0   (incl. Padding)

    ----------------------------------------------------------------------

      Code (inc. data)   RO Data    RW Data    ZI Data      Debug   Library Name

       180         16          0          0          0         68   mc_p.l

    ----------------------------------------------------------------------
       180         16          0          0          0          0   Library Totals

    ----------------------------------------------------------------------

==============================================================================


      Code (inc. data)   RO Data    RW Data    ZI Data      Debug   

      2036         88        208       4032       2072      17756   Grand Totals
      2036         88        208       1280       2072      17756   ELF Image Totals (compressed)
      2036         88        208       1280          0          0   ROM Totals

==============================================================================

    Total RO  Size (Code + RO Data)                 2244 (   2.19kB)
    Total RW  Size (RW Data + ZI Data)              6104 (   5.96kB)
    Total ROM Size (Code + RO Data + RW Data)       3524 (   3.44kB)

==============================================================================

