ARM Linker, 5.03 [Build 76] [MDK-ARM Standard]

==============================================================================

Section Cross References

    main.o(i.drawDIS) refers to nrf_lcd.o(i.DrawLine) for DrawLine
    main.o(i.drawDIS) refers to main.o(.bss) for myDis
    main.o(i.main) refers to nrf_lcd.o(i.GPIO_Init) for GPIO_Init
    main.o(i.main) refers to nrf_lcd.o(i.LCD_Init) for LCD_Init
    main.o(i.main) refers to flash.o(i.Spi_Flash_Init) for Spi_Flash_Init
    main.o(i.main) refers to nrf_lcd.o(i.DispColor) for DispColor
    main.o(i.main) refers to flash.o(i.Spi_Flash_test) for Spi_Flash_test
    main.o(i.main) refers to nrf_lcd.o(i.DispInt) for DispInt
    main.o(i.main) refers to nrf_lcd.o(i.DispStr) for DispStr
    main.o(i.main) refers to main.o(i.drawDIS) for drawDIS
    main.o(i.main) refers to nrf_delay.o(i.nrf_delay_ms) for nrf_delay_ms
    main.o(i.main) refers to main.o(.bss) for myDis
    main.o(i.main) refers to flash.o(.bss) for FLASH_Buf
    system_nrf51.o(i.SystemCoreClockUpdate) refers to system_nrf51.o(.data) for SystemCoreClock
    arm_startup_nrf51.o(RESET) refers to arm_startup_nrf51.o(STACK) for __initial_sp
    arm_startup_nrf51.o(RESET) refers to arm_startup_nrf51.o(.text) for Reset_Handler
    arm_startup_nrf51.o(.text) refers to system_nrf51.o(i.SystemInit) for SystemInit
    arm_startup_nrf51.o(.text) refers to entry.o(.ARM.Collect$$$$00000000) for __main
    nrf_delay.o(i.nrf_delay_ms) refers to nrf_delay.o(.emb_text) for __asm___11_nrf_delay_c_532987f3__nrf_delay_us
    nrf_lcd.o(i.BlockWrite) refers to nrf_lcd.o(i.WriteComm) for WriteComm
    nrf_lcd.o(i.BlockWrite) refers to nrf_lcd.o(i.WriteData) for WriteData
    nrf_lcd.o(i.DispColor) refers to nrf_lcd.o(i.BlockWrite) for BlockWrite
    nrf_lcd.o(i.DispColor) refers to nrf_lcd.o(i.nrf_gpio_pin_clear) for nrf_gpio_pin_clear
    nrf_lcd.o(i.DispColor) refers to nrf_lcd.o(i.nrf_gpio_pin_set) for nrf_gpio_pin_set
    nrf_lcd.o(i.DispColor) refers to nrf_lcd.o(i.SendDataSPI) for SendDataSPI
    nrf_lcd.o(i.DispInt) refers to nrf_lcd.o(i.DispOneChar) for DispOneChar
    nrf_lcd.o(i.DispInt) refers to nrf_lcd.o(i.BlockWrite) for BlockWrite
    nrf_lcd.o(i.DispOneChar) refers to nrf_lcd.o(i.BlockWrite) for BlockWrite
    nrf_lcd.o(i.DispOneChar) refers to nrf_lcd.o(i.WriteOneDot) for WriteOneDot
    nrf_lcd.o(i.DispOneChar) refers to font.o(.data) for ascii
    nrf_lcd.o(i.DispStr) refers to nrf_lcd.o(i.ToOrd) for ToOrd
    nrf_lcd.o(i.DispStr) refers to nrf_lcd.o(i.DispOneChar) for DispOneChar
    nrf_lcd.o(i.DispStr) refers to nrf_lcd.o(i.BlockWrite) for BlockWrite
    nrf_lcd.o(i.DrawLine) refers to nrf_lcd.o(i.BlockWrite) for BlockWrite
    nrf_lcd.o(i.DrawLine) refers to nrf_lcd.o(i.WriteOneDot) for WriteOneDot
    nrf_lcd.o(i.GPIO_Init) refers to nrf_lcd.o(i.nrf_gpio_cfg_output) for nrf_gpio_cfg_output
    nrf_lcd.o(i.LCD_Init) refers to nrf_delay.o(i.nrf_delay_ms) for nrf_delay_ms
    nrf_lcd.o(i.LCD_Init) refers to nrf_lcd.o(i.nrf_gpio_pin_set) for nrf_gpio_pin_set
    nrf_lcd.o(i.LCD_Init) refers to nrf_lcd.o(i.nrf_gpio_pin_clear) for nrf_gpio_pin_clear
    nrf_lcd.o(i.LCD_Init) refers to nrf_lcd.o(i.WriteComm) for WriteComm
    nrf_lcd.o(i.LCD_Init) refers to nrf_lcd.o(i.WriteData) for WriteData
    nrf_lcd.o(i.PutPixel) refers to nrf_lcd.o(i.BlockWrite) for BlockWrite
    nrf_lcd.o(i.PutPixel) refers to nrf_lcd.o(i.nrf_gpio_pin_clear) for nrf_gpio_pin_clear
    nrf_lcd.o(i.PutPixel) refers to nrf_lcd.o(i.nrf_gpio_pin_set) for nrf_gpio_pin_set
    nrf_lcd.o(i.PutPixel) refers to nrf_lcd.o(i.SendDataSPI) for SendDataSPI
    nrf_lcd.o(i.SendDataSPI) refers to nrf_lcd.o(i.nrf_gpio_pin_set) for nrf_gpio_pin_set
    nrf_lcd.o(i.SendDataSPI) refers to nrf_lcd.o(i.nrf_gpio_pin_clear) for nrf_gpio_pin_clear
    nrf_lcd.o(i.WriteComm) refers to nrf_lcd.o(i.nrf_gpio_pin_clear) for nrf_gpio_pin_clear
    nrf_lcd.o(i.WriteComm) refers to nrf_lcd.o(i.SendDataSPI) for SendDataSPI
    nrf_lcd.o(i.WriteComm) refers to nrf_lcd.o(i.nrf_gpio_pin_set) for nrf_gpio_pin_set
    nrf_lcd.o(i.WriteData) refers to nrf_lcd.o(i.nrf_gpio_pin_clear) for nrf_gpio_pin_clear
    nrf_lcd.o(i.WriteData) refers to nrf_lcd.o(i.nrf_gpio_pin_set) for nrf_gpio_pin_set
    nrf_lcd.o(i.WriteData) refers to nrf_lcd.o(i.SendDataSPI) for SendDataSPI
    nrf_lcd.o(i.WriteDispData) refers to nrf_lcd.o(i.SendDataSPI) for SendDataSPI
    nrf_lcd.o(i.WriteOneDot) refers to nrf_lcd.o(i.nrf_gpio_pin_clear) for nrf_gpio_pin_clear
    nrf_lcd.o(i.WriteOneDot) refers to nrf_lcd.o(i.nrf_gpio_pin_set) for nrf_gpio_pin_set
    nrf_lcd.o(i.WriteOneDot) refers to nrf_lcd.o(i.SendDataSPI) for SendDataSPI
    flash.o(i.SPIFlash_Erase_Block) refers to flash.o(i.SpiFlash_Write_Enable) for SpiFlash_Write_Enable
    flash.o(i.SPIFlash_Erase_Block) refers to flash.o(i.nrf_gpio_pin_clear) for nrf_gpio_pin_clear
    flash.o(i.SPIFlash_Erase_Block) refers to flash.o(i.SpiFlash_WriteOneByte) for SpiFlash_WriteOneByte
    flash.o(i.SPIFlash_Erase_Block) refers to flash.o(i.SpiFlash_Write_CMD) for SpiFlash_Write_CMD
    flash.o(i.SPIFlash_Erase_Block) refers to flash.o(i.nrf_gpio_pin_set) for nrf_gpio_pin_set
    flash.o(i.SPIFlash_Erase_Block) refers to flash.o(i.SpiFlash_Wait_Busy) for SpiFlash_Wait_Busy
    flash.o(i.SPIFlash_Erase_Sector) refers to flash.o(i.SpiFlash_Write_Enable) for SpiFlash_Write_Enable
    flash.o(i.SPIFlash_Erase_Sector) refers to flash.o(i.nrf_gpio_pin_clear) for nrf_gpio_pin_clear
    flash.o(i.SPIFlash_Erase_Sector) refers to flash.o(i.SpiFlash_WriteOneByte) for SpiFlash_WriteOneByte
    flash.o(i.SPIFlash_Erase_Sector) refers to flash.o(i.SpiFlash_Write_CMD) for SpiFlash_Write_CMD
    flash.o(i.SPIFlash_Erase_Sector) refers to flash.o(i.nrf_gpio_pin_set) for nrf_gpio_pin_set
    flash.o(i.SPIFlash_Erase_Sector) refers to flash.o(i.SpiFlash_Wait_Busy) for SpiFlash_Wait_Busy
    flash.o(i.SpiFlash_Read) refers to flash.o(i.nrf_gpio_pin_clear) for nrf_gpio_pin_clear
    flash.o(i.SpiFlash_Read) refers to flash.o(i.SpiFlash_WriteOneByte) for SpiFlash_WriteOneByte
    flash.o(i.SpiFlash_Read) refers to flash.o(i.SpiFlash_Write_CMD) for SpiFlash_Write_CMD
    flash.o(i.SpiFlash_Read) refers to flash.o(i.SpiFlash_ReadOneByte) for SpiFlash_ReadOneByte
    flash.o(i.SpiFlash_Read) refers to flash.o(i.nrf_gpio_pin_set) for nrf_gpio_pin_set
    flash.o(i.SpiFlash_ReadOneByte) refers to flash.o(i.nrf_gpio_pin_set) for nrf_gpio_pin_set
    flash.o(i.SpiFlash_ReadOneByte) refers to flash.o(i.nrf_gpio_pin_clear) for nrf_gpio_pin_clear
    flash.o(i.SpiFlash_ReadSR) refers to flash.o(i.nrf_gpio_pin_clear) for nrf_gpio_pin_clear
    flash.o(i.SpiFlash_ReadSR) refers to flash.o(i.SpiFlash_WriteOneByte) for SpiFlash_WriteOneByte
    flash.o(i.SpiFlash_ReadSR) refers to flash.o(i.SpiFlash_ReadOneByte) for SpiFlash_ReadOneByte
    flash.o(i.SpiFlash_ReadSR) refers to flash.o(i.nrf_gpio_pin_set) for nrf_gpio_pin_set
    flash.o(i.SpiFlash_Read_Data) refers to flash.o(i.nrf_gpio_pin_clear) for nrf_gpio_pin_clear
    flash.o(i.SpiFlash_Read_Data) refers to flash.o(i.SpiFlash_WriteOneByte) for SpiFlash_WriteOneByte
    flash.o(i.SpiFlash_Read_Data) refers to flash.o(i.SpiFlash_Write_CMD) for SpiFlash_Write_CMD
    flash.o(i.SpiFlash_Read_Data) refers to flash.o(i.SpiFlash_ReadOneByte) for SpiFlash_ReadOneByte
    flash.o(i.SpiFlash_Read_Data) refers to flash.o(i.nrf_gpio_pin_set) for nrf_gpio_pin_set
    flash.o(i.SpiFlash_Read_Sector_Data) refers to flash.o(i.nrf_gpio_pin_clear) for nrf_gpio_pin_clear
    flash.o(i.SpiFlash_Read_Sector_Data) refers to flash.o(i.SpiFlash_WriteOneByte) for SpiFlash_WriteOneByte
    flash.o(i.SpiFlash_Read_Sector_Data) refers to flash.o(i.SpiFlash_Write_CMD) for SpiFlash_Write_CMD
    flash.o(i.SpiFlash_Read_Sector_Data) refers to flash.o(i.SpiFlash_ReadOneByte) for SpiFlash_ReadOneByte
    flash.o(i.SpiFlash_Read_Sector_Data) refers to flash.o(i.nrf_gpio_pin_set) for nrf_gpio_pin_set
    flash.o(i.SpiFlash_Wait_Busy) refers to nrf_delay.o(i.nrf_delay_ms) for nrf_delay_ms
    flash.o(i.SpiFlash_WriteOneByte) refers to flash.o(i.nrf_gpio_pin_clear) for nrf_gpio_pin_clear
    flash.o(i.SpiFlash_WriteOneByte) refers to flash.o(i.nrf_gpio_pin_set) for nrf_gpio_pin_set
    flash.o(i.SpiFlash_Write_CMD) refers to flash.o(i.SpiFlash_WriteOneByte) for SpiFlash_WriteOneByte
    flash.o(i.SpiFlash_Write_Data) refers to flash.o(i.SpiFlash_Write_Enable) for SpiFlash_Write_Enable
    flash.o(i.SpiFlash_Write_Data) refers to flash.o(i.nrf_gpio_pin_clear) for nrf_gpio_pin_clear
    flash.o(i.SpiFlash_Write_Data) refers to flash.o(i.SpiFlash_WriteOneByte) for SpiFlash_WriteOneByte
    flash.o(i.SpiFlash_Write_Data) refers to flash.o(i.SpiFlash_Write_CMD) for SpiFlash_Write_CMD
    flash.o(i.SpiFlash_Write_Data) refers to flash.o(i.nrf_gpio_pin_set) for nrf_gpio_pin_set
    flash.o(i.SpiFlash_Write_Data) refers to flash.o(i.SpiFlash_Wait_Busy) for SpiFlash_Wait_Busy
    flash.o(i.SpiFlash_Write_Enable) refers to flash.o(i.nrf_gpio_pin_clear) for nrf_gpio_pin_clear
    flash.o(i.SpiFlash_Write_Enable) refers to flash.o(i.SpiFlash_WriteOneByte) for SpiFlash_WriteOneByte
    flash.o(i.SpiFlash_Write_Enable) refers to flash.o(i.nrf_gpio_pin_set) for nrf_gpio_pin_set
    flash.o(i.SpiFlash_Write_MorePage) refers to flash.o(i.SpiFlash_Write_Page) for SpiFlash_Write_Page
    flash.o(i.SpiFlash_Write_Page) refers to flash.o(i.SpiFlash_Write_Enable) for SpiFlash_Write_Enable
    flash.o(i.SpiFlash_Write_Page) refers to flash.o(i.nrf_gpio_pin_clear) for nrf_gpio_pin_clear
    flash.o(i.SpiFlash_Write_Page) refers to flash.o(i.SpiFlash_WriteOneByte) for SpiFlash_WriteOneByte
    flash.o(i.SpiFlash_Write_Page) refers to flash.o(i.SpiFlash_Write_CMD) for SpiFlash_Write_CMD
    flash.o(i.SpiFlash_Write_Page) refers to flash.o(i.nrf_gpio_pin_set) for nrf_gpio_pin_set
    flash.o(i.SpiFlash_Write_Page) refers to flash.o(i.SpiFlash_Wait_Busy) for SpiFlash_Wait_Busy
    flash.o(i.SpiFlash_Write_Sector_Data) refers to flash.o(i.SpiFlash_Write_Data) for SpiFlash_Write_Data
    flash.o(i.Spi_Flash_Init) refers to flash.o(i.nrf_gpio_cfg_output) for nrf_gpio_cfg_output
    flash.o(i.Spi_Flash_test) refers to flash.o(i.SpiFlash_Write_Data) for SpiFlash_Write_Data
    flash.o(i.Spi_Flash_test) refers to nrf_delay.o(i.nrf_delay_ms) for nrf_delay_ms
    flash.o(i.Spi_Flash_test) refers to flash.o(i.SpiFlash_Read_Data) for SpiFlash_Read_Data
    flash.o(i.Spi_Flash_test) refers to nrf_lcd.o(i.DispColor) for DispColor
    flash.o(i.Spi_Flash_test) refers to flash.o(.bss) for FLASH_Buf
    entry.o(.ARM.Collect$$$$00000000) refers (Special) to entry10a.o(.ARM.Collect$$$$0000000D) for __rt_final_cpp
    entry.o(.ARM.Collect$$$$00000000) refers (Special) to entry11a.o(.ARM.Collect$$$$0000000F) for __rt_final_exit
    entry.o(.ARM.Collect$$$$00000000) refers (Special) to entry7b.o(.ARM.Collect$$$$00000008) for _main_clock
    entry.o(.ARM.Collect$$$$00000000) refers (Special) to entry8b.o(.ARM.Collect$$$$0000000A) for _main_cpp_init
    entry.o(.ARM.Collect$$$$00000000) refers (Special) to entry9a.o(.ARM.Collect$$$$0000000B) for _main_init
    entry.o(.ARM.Collect$$$$00000000) refers (Special) to entry5.o(.ARM.Collect$$$$00000004) for _main_scatterload
    entry.o(.ARM.Collect$$$$00000000) refers (Special) to entry2.o(.ARM.Collect$$$$00000001) for _main_stk
    entry2.o(.ARM.Collect$$$$00000001) refers to entry2.o(.ARM.Collect$$$$00002712) for __lit__00000000
    entry2.o(.ARM.Collect$$$$00002712) refers to arm_startup_nrf51.o(STACK) for __initial_sp
    entry2.o(__vectab_stack_and_reset_area) refers to arm_startup_nrf51.o(STACK) for __initial_sp
    entry2.o(__vectab_stack_and_reset_area) refers to entry.o(.ARM.Collect$$$$00000000) for __main
    entry5.o(.ARM.Collect$$$$00000004) refers to init.o(.text) for __scatterload
    entry9a.o(.ARM.Collect$$$$0000000B) refers to main.o(i.main) for main
    entry9b.o(.ARM.Collect$$$$0000000C) refers to main.o(i.main) for main
    init.o(.text) refers to entry5.o(.ARM.Collect$$$$00000004) for __main_after_scatterload


==============================================================================

Removing Unused input sections from the image.

    Removing main.o(.rev16_text), (4 bytes).
    Removing main.o(.revsh_text), (4 bytes).
    Removing main.o(.emb_text), (30 bytes).
    Removing system_nrf51.o(.rev16_text), (4 bytes).
    Removing system_nrf51.o(.revsh_text), (4 bytes).
    Removing system_nrf51.o(i.SystemCoreClockUpdate), (16 bytes).
    Removing system_nrf51.o(.data), (4 bytes).
    Removing arm_startup_nrf51.o(HEAP), (2048 bytes).
    Removing nrf_delay.o(.rev16_text), (4 bytes).
    Removing nrf_delay.o(.revsh_text), (4 bytes).
    Removing nrf_lcd.o(.rev16_text), (4 bytes).
    Removing nrf_lcd.o(.revsh_text), (4 bytes).
    Removing nrf_lcd.o(.emb_text), (30 bytes).
    Removing nrf_lcd.o(i.PutPixel), (54 bytes).
    Removing nrf_lcd.o(i.WriteDispData), (20 bytes).
    Removing flash.o(.rev16_text), (4 bytes).
    Removing flash.o(.revsh_text), (4 bytes).
    Removing flash.o(.emb_text), (30 bytes).
    Removing flash.o(i.SPIFlash_Erase_Block), (44 bytes).
    Removing flash.o(i.SPIFlash_Erase_Sector), (58 bytes).
    Removing flash.o(i.SPIFlash_GPIO_GetBit), (6 bytes).
    Removing flash.o(i.SpiFlash_Read), (98 bytes).
    Removing flash.o(i.SpiFlash_ReadSR), (32 bytes).
    Removing flash.o(i.SpiFlash_Read_Sector_Data), (76 bytes).
    Removing flash.o(i.SpiFlash_Write_MorePage), (70 bytes).
    Removing flash.o(i.SpiFlash_Write_Page), (118 bytes).
    Removing flash.o(i.SpiFlash_Write_Sector_Data), (64 bytes).

27 unused section(s) (total 2838 bytes) removed from the image.

==============================================================================

Image Symbol Table

    Local Symbols

    Symbol Name                              Value     Ov Type        Size  Object(Section)

    RESET                                    0x00000000   Section      192  arm_startup_nrf51.o(RESET)
    ../clib/../cmprslib/lz77c.c              0x00000000   Number         0  __dclz77c.o ABSOLUTE
    ../clib/microlib/init/entry.s            0x00000000   Number         0  entry11b.o ABSOLUTE
    ../clib/microlib/init/entry.s            0x00000000   Number         0  entry9b.o ABSOLUTE
    ../clib/microlib/init/entry.s            0x00000000   Number         0  entry10a.o ABSOLUTE
    ../clib/microlib/init/entry.s            0x00000000   Number         0  entry2.o ABSOLUTE
    ../clib/microlib/init/entry.s            0x00000000   Number         0  entry11a.o ABSOLUTE
    ../clib/microlib/init/entry.s            0x00000000   Number         0  entry5.o ABSOLUTE
    ../clib/microlib/init/entry.s            0x00000000   Number         0  entry7a.o ABSOLUTE
    ../clib/microlib/init/entry.s            0x00000000   Number         0  entry.o ABSOLUTE
    ../clib/microlib/init/entry.s            0x00000000   Number         0  entry10b.o ABSOLUTE
    ../clib/microlib/init/entry.s            0x00000000   Number         0  entry7b.o ABSOLUTE
    ../clib/microlib/init/entry.s            0x00000000   Number         0  entry8a.o ABSOLUTE
    ../clib/microlib/init/entry.s            0x00000000   Number         0  entry8b.o ABSOLUTE
    ../clib/microlib/init/entry.s            0x00000000   Number         0  entry9a.o ABSOLUTE
    arm_startup_nrf51.s                      0x00000000   Number         0  arm_startup_nrf51.o ABSOLUTE
    dc.s                                     0x00000000   Number         0  dc.o ABSOLUTE
    flash.c                                  0x00000000   Number         0  flash.o ABSOLUTE
    flash.c                                  0x00000000   Number         0  flash.o ABSOLUTE
    font.c                                   0x00000000   Number         0  font.o ABSOLUTE
    handlers.s                               0x00000000   Number         0  handlers.o ABSOLUTE
    init.s                                   0x00000000   Number         0  init.o ABSOLUTE
    main.c                                   0x00000000   Number         0  main.o ABSOLUTE
    main.c                                   0x00000000   Number         0  main.o ABSOLUTE
    nrf_delay.c                              0x00000000   Number         0  nrf_delay.o ABSOLUTE
    nrf_delay.c                              0x00000000   Number         0  nrf_delay.o ABSOLUTE
    nrf_lcd.c                                0x00000000   Number         0  nrf_lcd.o ABSOLUTE
    nrf_lcd.c                                0x00000000   Number         0  nrf_lcd.o ABSOLUTE
    system_nrf51.c                           0x00000000   Number         0  system_nrf51.o ABSOLUTE
    system_nrf51.c                           0x00000000   Number         0  system_nrf51.o ABSOLUTE
    .ARM.Collect$$$$00000000                 0x000000c0   Section        0  entry.o(.ARM.Collect$$$$00000000)
    .ARM.Collect$$$$00000001                 0x000000c0   Section        4  entry2.o(.ARM.Collect$$$$00000001)
    .ARM.Collect$$$$00000004                 0x000000c4   Section        4  entry5.o(.ARM.Collect$$$$00000004)
    .ARM.Collect$$$$00000008                 0x000000c8   Section        0  entry7b.o(.ARM.Collect$$$$00000008)
    .ARM.Collect$$$$0000000A                 0x000000c8   Section        0  entry8b.o(.ARM.Collect$$$$0000000A)
    .ARM.Collect$$$$0000000B                 0x000000c8   Section        8  entry9a.o(.ARM.Collect$$$$0000000B)
    .ARM.Collect$$$$0000000D                 0x000000d0   Section        0  entry10a.o(.ARM.Collect$$$$0000000D)
    .ARM.Collect$$$$0000000F                 0x000000d0   Section        0  entry11a.o(.ARM.Collect$$$$0000000F)
    .ARM.Collect$$$$00002712                 0x000000d0   Section        4  entry2.o(.ARM.Collect$$$$00002712)
    __lit__00000000                          0x000000d0   Data           4  entry2.o(.ARM.Collect$$$$00002712)
    .emb_text                                0x000000d4   Section       30  nrf_delay.o(.emb_text)
    .text                                    0x000000f4   Section       44  arm_startup_nrf51.o(.text)
    .text                                    0x00000120   Section       36  init.o(.text)
    .text                                    0x00000144   Section        0  __dclz77c.o(.text)
    i.BlockWrite                             0x000001a2   Section        0  nrf_lcd.o(i.BlockWrite)
    i.DispColor                              0x000001f0   Section        0  nrf_lcd.o(i.DispColor)
    i.DispInt                                0x00000236   Section        0  nrf_lcd.o(i.DispInt)
    i.DispOneChar                            0x000002a4   Section        0  nrf_lcd.o(i.DispOneChar)
    i.DispStr                                0x0000031c   Section        0  nrf_lcd.o(i.DispStr)
    i.DrawLine                               0x00000368   Section        0  nrf_lcd.o(i.DrawLine)
    i.GPIO_Init                              0x000003aa   Section        0  nrf_lcd.o(i.GPIO_Init)
    i.LCD_Init                               0x000003cc   Section        0  nrf_lcd.o(i.LCD_Init)
    i.SendDataSPI                            0x00000598   Section        0  nrf_lcd.o(i.SendDataSPI)
    i.SpiFlash_ReadOneByte                   0x000005d0   Section        0  flash.o(i.SpiFlash_ReadOneByte)
    i.SpiFlash_Read_Data                     0x00000620   Section        0  flash.o(i.SpiFlash_Read_Data)
    i.SpiFlash_Wait_Busy                     0x00000664   Section        0  flash.o(i.SpiFlash_Wait_Busy)
    SpiFlash_Wait_Busy                       0x00000665   Thumb Code    12  flash.o(i.SpiFlash_Wait_Busy)
    i.SpiFlash_WriteOneByte                  0x00000670   Section        0  flash.o(i.SpiFlash_WriteOneByte)
    i.SpiFlash_Write_CMD                     0x000006ba   Section        0  flash.o(i.SpiFlash_Write_CMD)
    SpiFlash_Write_CMD                       0x000006bb   Thumb Code    26  flash.o(i.SpiFlash_Write_CMD)
    i.SpiFlash_Write_Data                    0x000006d4   Section        0  flash.o(i.SpiFlash_Write_Data)
    i.SpiFlash_Write_Enable                  0x00000720   Section        0  flash.o(i.SpiFlash_Write_Enable)
    SpiFlash_Write_Enable                    0x00000721   Thumb Code    22  flash.o(i.SpiFlash_Write_Enable)
    i.Spi_Flash_Init                         0x00000736   Section        0  flash.o(i.Spi_Flash_Init)
    i.Spi_Flash_test                         0x00000764   Section        0  flash.o(i.Spi_Flash_test)
    i.SystemInit                             0x000007d0   Section        0  system_nrf51.o(i.SystemInit)
    i.ToOrd                                  0x000007fc   Section        0  nrf_lcd.o(i.ToOrd)
    i.WriteComm                              0x0000084c   Section        0  nrf_lcd.o(i.WriteComm)
    i.WriteData                              0x0000086a   Section        0  nrf_lcd.o(i.WriteData)
    i.WriteOneDot                            0x00000888   Section        0  nrf_lcd.o(i.WriteOneDot)
    i.__scatterload_copy                     0x000008ae   Section       14  handlers.o(i.__scatterload_copy)
    i.__scatterload_null                     0x000008bc   Section        2  handlers.o(i.__scatterload_null)
    i.__scatterload_zeroinit                 0x000008be   Section       14  handlers.o(i.__scatterload_zeroinit)
    i.drawDIS                                0x000008cc   Section        0  main.o(i.drawDIS)
    i.main                                   0x000009c8   Section        0  main.o(i.main)
    i.nrf_delay_ms                           0x00000a64   Section        0  nrf_delay.o(i.nrf_delay_ms)
    i.nrf_gpio_cfg_output                    0x00000a80   Section        0  nrf_lcd.o(i.nrf_gpio_cfg_output)
    nrf_gpio_cfg_output                      0x00000a81   Thumb Code    18  nrf_lcd.o(i.nrf_gpio_cfg_output)
    i.nrf_gpio_cfg_output                    0x00000a92   Section        0  flash.o(i.nrf_gpio_cfg_output)
    nrf_gpio_cfg_output                      0x00000a93   Thumb Code    18  flash.o(i.nrf_gpio_cfg_output)
    i.nrf_gpio_pin_clear                     0x00000aa4   Section        0  nrf_lcd.o(i.nrf_gpio_pin_clear)
    nrf_gpio_pin_clear                       0x00000aa5   Thumb Code    10  nrf_lcd.o(i.nrf_gpio_pin_clear)
    i.nrf_gpio_pin_clear                     0x00000ab4   Section        0  flash.o(i.nrf_gpio_pin_clear)
    nrf_gpio_pin_clear                       0x00000ab5   Thumb Code    10  flash.o(i.nrf_gpio_pin_clear)
    i.nrf_gpio_pin_set                       0x00000ac4   Section        0  nrf_lcd.o(i.nrf_gpio_pin_set)
    nrf_gpio_pin_set                         0x00000ac5   Thumb Code    10  nrf_lcd.o(i.nrf_gpio_pin_set)
    i.nrf_gpio_pin_set                       0x00000ad4   Section        0  flash.o(i.nrf_gpio_pin_set)
    nrf_gpio_pin_set                         0x00000ad5   Thumb Code    10  flash.o(i.nrf_gpio_pin_set)
    .data                                    0x20000000   Section     4032  font.o(.data)
    .bss                                     0x20000fc0   Section       24  main.o(.bss)
    .bss                                     0x20000fd8   Section       10  flash.o(.bss)
    STACK                                    0x20000fe8   Section     2048  arm_startup_nrf51.o(STACK)

    Global Symbols

    Symbol Name                              Value     Ov Type        Size  Object(Section)

    BuildAttributes$$THM_ISAv3M$S$PE$A:L22$X:L11$S22$IEEE1$IW$USESV6$~STKCKD$USESV7$~SHL$OSPACE$EBA8$MICROLIB$REQ8$PRES8$EABIv2 0x00000000   Number         0  anon$$obj.o ABSOLUTE
    __ARM_use_no_argv                        0x00000000   Number         0  main.o ABSOLUTE
    __Vectors                                0x00000000   Data           4  arm_startup_nrf51.o(RESET)
    __cpp_initialize__aeabi_                  - Undefined Weak Reference
    __cxa_finalize                            - Undefined Weak Reference
    _clock_init                               - Undefined Weak Reference
    _microlib_exit                            - Undefined Weak Reference
    __Vectors_End                            0x000000c0   Data           0  arm_startup_nrf51.o(RESET)
    __Vectors_Size                           0x000000c0   Number         0  arm_startup_nrf51.o ABSOLUTE
    __main                                   0x000000c1   Thumb Code     0  entry.o(.ARM.Collect$$$$00000000)
    _main_stk                                0x000000c1   Thumb Code     0  entry2.o(.ARM.Collect$$$$00000001)
    _main_scatterload                        0x000000c5   Thumb Code     0  entry5.o(.ARM.Collect$$$$00000004)
    __main_after_scatterload                 0x000000c9   Thumb Code     0  entry5.o(.ARM.Collect$$$$00000004)
    _main_clock                              0x000000c9   Thumb Code     0  entry7b.o(.ARM.Collect$$$$00000008)
    _main_cpp_init                           0x000000c9   Thumb Code     0  entry8b.o(.ARM.Collect$$$$0000000A)
    _main_init                               0x000000c9   Thumb Code     0  entry9a.o(.ARM.Collect$$$$0000000B)
    __rt_final_cpp                           0x000000d1   Thumb Code     0  entry10a.o(.ARM.Collect$$$$0000000D)
    __rt_final_exit                          0x000000d1   Thumb Code     0  entry11a.o(.ARM.Collect$$$$0000000F)
    __asm___11_nrf_delay_c_532987f3__nrf_delay_us 0x000000d5   Thumb Code    30  nrf_delay.o(.emb_text)
    Reset_Handler                            0x000000f5   Thumb Code    18  arm_startup_nrf51.o(.text)
    NMI_Handler                              0x00000107   Thumb Code     2  arm_startup_nrf51.o(.text)
    HardFault_Handler                        0x00000109   Thumb Code     2  arm_startup_nrf51.o(.text)
    SVC_Handler                              0x0000010b   Thumb Code     2  arm_startup_nrf51.o(.text)
    PendSV_Handler                           0x0000010d   Thumb Code     2  arm_startup_nrf51.o(.text)
    SysTick_Handler                          0x0000010f   Thumb Code     2  arm_startup_nrf51.o(.text)
    ADC_IRQHandler                           0x00000111   Thumb Code     0  arm_startup_nrf51.o(.text)
    CCM_AAR_IRQHandler                       0x00000111   Thumb Code     0  arm_startup_nrf51.o(.text)
    ECB_IRQHandler                           0x00000111   Thumb Code     0  arm_startup_nrf51.o(.text)
    GPIOTE_IRQHandler                        0x00000111   Thumb Code     0  arm_startup_nrf51.o(.text)
    POWER_CLOCK_IRQHandler                   0x00000111   Thumb Code     0  arm_startup_nrf51.o(.text)
    QDEC_IRQHandler                          0x00000111   Thumb Code     0  arm_startup_nrf51.o(.text)
    RADIO_IRQHandler                         0x00000111   Thumb Code     0  arm_startup_nrf51.o(.text)
    RNG_IRQHandler                           0x00000111   Thumb Code     0  arm_startup_nrf51.o(.text)
    RTC0_IRQHandler                          0x00000111   Thumb Code     0  arm_startup_nrf51.o(.text)
    RTC1_IRQHandler                          0x00000111   Thumb Code     0  arm_startup_nrf51.o(.text)
    SPI0_TWI0_IRQHandler                     0x00000111   Thumb Code     0  arm_startup_nrf51.o(.text)
    SPI1_TWI1_IRQHandler                     0x00000111   Thumb Code     0  arm_startup_nrf51.o(.text)
    SWI0_IRQHandler                          0x00000111   Thumb Code     0  arm_startup_nrf51.o(.text)
    SWI1_IRQHandler                          0x00000111   Thumb Code     0  arm_startup_nrf51.o(.text)
    SWI2_IRQHandler                          0x00000111   Thumb Code     0  arm_startup_nrf51.o(.text)
    SWI3_IRQHandler                          0x00000111   Thumb Code     0  arm_startup_nrf51.o(.text)
    SWI4_IRQHandler                          0x00000111   Thumb Code     0  arm_startup_nrf51.o(.text)
    SWI5_IRQHandler                          0x00000111   Thumb Code     0  arm_startup_nrf51.o(.text)
    TEMP_IRQHandler                          0x00000111   Thumb Code     0  arm_startup_nrf51.o(.text)
    TIMER0_IRQHandler                        0x00000111   Thumb Code     0  arm_startup_nrf51.o(.text)
    TIMER1_IRQHandler                        0x00000111   Thumb Code     0  arm_startup_nrf51.o(.text)
    TIMER2_IRQHandler                        0x00000111   Thumb Code     0  arm_startup_nrf51.o(.text)
    UART0_IRQHandler                         0x00000111   Thumb Code     0  arm_startup_nrf51.o(.text)
    WDT_IRQHandler                           0x00000111   Thumb Code     0  arm_startup_nrf51.o(.text)
    WUCOMP_COMP_IRQHandler                   0x00000111   Thumb Code     0  arm_startup_nrf51.o(.text)
    __scatterload                            0x00000121   Thumb Code    28  init.o(.text)
    __scatterload_rt2                        0x00000121   Thumb Code     0  init.o(.text)
    __decompress                             0x00000145   Thumb Code     0  __dclz77c.o(.text)
    __decompress2                            0x00000145   Thumb Code    94  __dclz77c.o(.text)
    BlockWrite                               0x000001a3   Thumb Code    78  nrf_lcd.o(i.BlockWrite)
    DispColor                                0x000001f1   Thumb Code    70  nrf_lcd.o(i.DispColor)
    DispInt                                  0x00000237   Thumb Code   110  nrf_lcd.o(i.DispInt)
    DispOneChar                              0x000002a5   Thumb Code   116  nrf_lcd.o(i.DispOneChar)
    DispStr                                  0x0000031d   Thumb Code    76  nrf_lcd.o(i.DispStr)
    DrawLine                                 0x00000369   Thumb Code    66  nrf_lcd.o(i.DrawLine)
    GPIO_Init                                0x000003ab   Thumb Code    34  nrf_lcd.o(i.GPIO_Init)
    LCD_Init                                 0x000003cd   Thumb Code   460  nrf_lcd.o(i.LCD_Init)
    SendDataSPI                              0x00000599   Thumb Code    54  nrf_lcd.o(i.SendDataSPI)
    SpiFlash_ReadOneByte                     0x000005d1   Thumb Code    76  flash.o(i.SpiFlash_ReadOneByte)
    SpiFlash_Read_Data                       0x00000621   Thumb Code    68  flash.o(i.SpiFlash_Read_Data)
    SpiFlash_WriteOneByte                    0x00000671   Thumb Code    74  flash.o(i.SpiFlash_WriteOneByte)
    SpiFlash_Write_Data                      0x000006d5   Thumb Code    76  flash.o(i.SpiFlash_Write_Data)
    Spi_Flash_Init                           0x00000737   Thumb Code    44  flash.o(i.Spi_Flash_Init)
    Spi_Flash_test                           0x00000765   Thumb Code   100  flash.o(i.Spi_Flash_test)
    SystemInit                               0x000007d1   Thumb Code    26  system_nrf51.o(i.SystemInit)
    ToOrd                                    0x000007fd   Thumb Code    80  nrf_lcd.o(i.ToOrd)
    WriteComm                                0x0000084d   Thumb Code    30  nrf_lcd.o(i.WriteComm)
    WriteData                                0x0000086b   Thumb Code    30  nrf_lcd.o(i.WriteData)
    WriteOneDot                              0x00000889   Thumb Code    38  nrf_lcd.o(i.WriteOneDot)
    __scatterload_copy                       0x000008af   Thumb Code    14  handlers.o(i.__scatterload_copy)
    __scatterload_null                       0x000008bd   Thumb Code     2  handlers.o(i.__scatterload_null)
    __scatterload_zeroinit                   0x000008bf   Thumb Code    14  handlers.o(i.__scatterload_zeroinit)
    drawDIS                                  0x000008cd   Thumb Code   246  main.o(i.drawDIS)
    main                                     0x000009c9   Thumb Code   148  main.o(i.main)
    nrf_delay_ms                             0x00000a65   Thumb Code    24  nrf_delay.o(i.nrf_delay_ms)
    Region$$Table$$Base                      0x00000ae4   Number         0  anon$$obj.o(Region$$Table)
    Region$$Table$$Limit                     0x00000af4   Number         0  anon$$obj.o(Region$$Table)
    ascii                                    0x20000000   Data        4032  font.o(.data)
    myDis                                    0x20000fc0   Data          24  main.o(.bss)
    FLASH_Buf                                0x20000fd8   Data          10  flash.o(.bss)
    __initial_sp                             0x200017e8   Data           0  arm_startup_nrf51.o(STACK)



==============================================================================

Memory Map of the image

  Image Entry point : 0x000000c1

  Load Region LR_IROM1 (Base: 0x00000000, Size: 0x00001ab4, Max: 0x00040000, ABSOLUTE, COMPRESSED[0x00000ff4])

    Execution Region ER_IROM1 (Base: 0x00000000, Size: 0x00000af4, Max: 0x00040000, ABSOLUTE)

    Base Addr    Size         Type   Attr      Idx    E Section Name        Object

    0x00000000   0x000000c0   Data   RO          127    RESET               arm_startup_nrf51.o
    0x000000c0   0x00000000   Code   RO          438  * .ARM.Collect$$$$00000000  mc_p.l(entry.o)
    0x000000c0   0x00000004   Code   RO          441    .ARM.Collect$$$$00000001  mc_p.l(entry2.o)
    0x000000c4   0x00000004   Code   RO          444    .ARM.Collect$$$$00000004  mc_p.l(entry5.o)
    0x000000c8   0x00000000   Code   RO          446    .ARM.Collect$$$$00000008  mc_p.l(entry7b.o)
    0x000000c8   0x00000000   Code   RO          448    .ARM.Collect$$$$0000000A  mc_p.l(entry8b.o)
    0x000000c8   0x00000008   Code   RO          449    .ARM.Collect$$$$0000000B  mc_p.l(entry9a.o)
    0x000000d0   0x00000000   Code   RO          451    .ARM.Collect$$$$0000000D  mc_p.l(entry10a.o)
    0x000000d0   0x00000000   Code   RO          453    .ARM.Collect$$$$0000000F  mc_p.l(entry11a.o)
    0x000000d0   0x00000004   Code   RO          442    .ARM.Collect$$$$00002712  mc_p.l(entry2.o)
    0x000000d4   0x0000001e   Code   RO          134    .emb_text           nrf_delay.o
    0x000000f2   0x00000002   PAD
    0x000000f4   0x0000002c   Code   RO          128    .text               arm_startup_nrf51.o
    0x00000120   0x00000024   Code   RO          455    .text               mc_p.l(init.o)
    0x00000144   0x0000005e   Code   RO          465    .text               mc_p.l(__dclz77c.o)
    0x000001a2   0x0000004e   Code   RO          159    i.BlockWrite        nrf_lcd.o
    0x000001f0   0x00000046   Code   RO          160    i.DispColor         nrf_lcd.o
    0x00000236   0x0000006e   Code   RO          161    i.DispInt           nrf_lcd.o
    0x000002a4   0x00000078   Code   RO          162    i.DispOneChar       nrf_lcd.o
    0x0000031c   0x0000004c   Code   RO          163    i.DispStr           nrf_lcd.o
    0x00000368   0x00000042   Code   RO          164    i.DrawLine          nrf_lcd.o
    0x000003aa   0x00000022   Code   RO          165    i.GPIO_Init         nrf_lcd.o
    0x000003cc   0x000001cc   Code   RO          166    i.LCD_Init          nrf_lcd.o
    0x00000598   0x00000036   Code   RO          168    i.SendDataSPI       nrf_lcd.o
    0x000005ce   0x00000002   PAD
    0x000005d0   0x00000050   Code   RO          299    i.SpiFlash_ReadOneByte  flash.o
    0x00000620   0x00000044   Code   RO          301    i.SpiFlash_Read_Data  flash.o
    0x00000664   0x0000000c   Code   RO          303    i.SpiFlash_Wait_Busy  flash.o
    0x00000670   0x0000004a   Code   RO          304    i.SpiFlash_WriteOneByte  flash.o
    0x000006ba   0x0000001a   Code   RO          305    i.SpiFlash_Write_CMD  flash.o
    0x000006d4   0x0000004c   Code   RO          306    i.SpiFlash_Write_Data  flash.o
    0x00000720   0x00000016   Code   RO          307    i.SpiFlash_Write_Enable  flash.o
    0x00000736   0x0000002c   Code   RO          311    i.Spi_Flash_Init    flash.o
    0x00000762   0x00000002   PAD
    0x00000764   0x0000006c   Code   RO          312    i.Spi_Flash_test    flash.o
    0x000007d0   0x0000002c   Code   RO           96    i.SystemInit        system_nrf51.o
    0x000007fc   0x00000050   Code   RO          169    i.ToOrd             nrf_lcd.o
    0x0000084c   0x0000001e   Code   RO          170    i.WriteComm         nrf_lcd.o
    0x0000086a   0x0000001e   Code   RO          171    i.WriteData         nrf_lcd.o
    0x00000888   0x00000026   Code   RO          173    i.WriteOneDot       nrf_lcd.o
    0x000008ae   0x0000000e   Code   RO          459    i.__scatterload_copy  mc_p.l(handlers.o)
    0x000008bc   0x00000002   Code   RO          460    i.__scatterload_null  mc_p.l(handlers.o)
    0x000008be   0x0000000e   Code   RO          461    i.__scatterload_zeroinit  mc_p.l(handlers.o)
    0x000008cc   0x000000fc   Code   RO            4    i.drawDIS           main.o
    0x000009c8   0x0000009c   Code   RO            5    i.main              main.o
    0x00000a64   0x0000001c   Code   RO          135    i.nrf_delay_ms      nrf_delay.o
    0x00000a80   0x00000012   Code   RO          174    i.nrf_gpio_cfg_output  nrf_lcd.o
    0x00000a92   0x00000012   Code   RO          313    i.nrf_gpio_cfg_output  flash.o
    0x00000aa4   0x00000010   Code   RO          175    i.nrf_gpio_pin_clear  nrf_lcd.o
    0x00000ab4   0x00000010   Code   RO          314    i.nrf_gpio_pin_clear  flash.o
    0x00000ac4   0x00000010   Code   RO          176    i.nrf_gpio_pin_set  nrf_lcd.o
    0x00000ad4   0x00000010   Code   RO          315    i.nrf_gpio_pin_set  flash.o
    0x00000ae4   0x00000010   Data   RO          457    Region$$Table       anon$$obj.o


    Execution Region RW_IRAM1 (Base: 0x20000000, Size: 0x000017e8, Max: 0x00004000, ABSOLUTE, UNINIT, COMPRESSED[0x00000500])

    Base Addr    Size         Type   Attr      Idx    E Section Name        Object

    0x20000000   0x00000fc0   Data   RW          283    .data               font.o
    0x20000fc0   0x00000018   Zero   RW            6    .bss                main.o
    0x20000fd8   0x0000000a   Zero   RW          316    .bss                flash.o
    0x20000fe2   0x00000006   PAD
    0x20000fe8   0x00000800   Zero   RW          125    STACK               arm_startup_nrf51.o


==============================================================================

Image component sizes


      Code (inc. data)   RO Data    RW Data    ZI Data      Debug   Object Name

        44         14        192          0       2048        560   arm_startup_nrf51.o
       560         24          0          0         10       8212   flash.o
         0          0          0       4032          0        412   font.o
       408         14          0          0         24       6065   main.o
        58          4          0          0          0       1051   nrf_delay.o
      1296         16          0          0          0      10041   nrf_lcd.o
        44         18          0          0          0        381   system_nrf51.o

    ----------------------------------------------------------------------
      2416         90        208       4032       2088      26722   Object Totals
         0          0         16          0          0          0   (incl. Generated)
         6          0          0          0          6          0   (incl. Padding)

    ----------------------------------------------------------------------

      Code (inc. data)   RO Data    RW Data    ZI Data      Debug   Library Member Name

        94          0          0          0          0          0   __dclz77c.o
         0          0          0          0          0          0   entry.o
         0          0          0          0          0          0   entry10a.o
         0          0          0          0          0          0   entry11a.o
         8          4          0          0          0          0   entry2.o
         4          0          0          0          0          0   entry5.o
         0          0          0          0          0          0   entry7b.o
         0          0          0          0          0          0   entry8b.o
         8          4          0          0          0          0   entry9a.o
        30          0          0          0          0          0   handlers.o
        36          8          0          0          0         68   init.o

    ----------------------------------------------------------------------
       180         16          0          0          0         68   Library Totals
         0          0          0          0          0          0   (incl. Padding)

    ----------------------------------------------------------------------

      Code (inc. data)   RO Data    RW Data    ZI Data      Debug   Library Name

       180         16          0          0          0         68   mc_p.l

    ----------------------------------------------------------------------
       180         16          0          0          0         68   Library Totals

    ----------------------------------------------------------------------

==============================================================================


      Code (inc. data)   RO Data    RW Data    ZI Data      Debug   

      2596        106        208       4032       2088      25366   Grand Totals
      2596        106        208       1280       2088      25366   ELF Image Totals (compressed)
      2596        106        208       1280          0          0   ROM Totals

==============================================================================

    Total RO  Size (Code + RO Data)                 2804 (   2.74kB)
    Total RW  Size (RW Data + ZI Data)              6120 (   5.98kB)
    Total ROM Size (Code + RO Data + RW Data)       4084 (   3.99kB)

==============================================================================

